Archive member included because of file (symbol)

d:/iti_iot courses/2022-5/embedded systems/tools/imt_sdk_win_64/winavr/bin/../lib/gcc/avr/4.3.3/avr5\libgcc.a(_mulsi3.o)
                              ./HAL/TempSens/Source/TEMP.o (__mulsi3)
d:/iti_iot courses/2022-5/embedded systems/tools/imt_sdk_win_64/winavr/bin/../lib/gcc/avr/4.3.3/avr5\libgcc.a(_udivmodhi4.o)
                              ./HAL/TempSens/Source/TEMP.o (__udivmodhi4)
d:/iti_iot courses/2022-5/embedded systems/tools/imt_sdk_win_64/winavr/bin/../lib/gcc/avr/4.3.3/avr5\libgcc.a(_udivmodsi4.o)
                              ./HAL/LCD/Source/LCD_Program.o (__udivmodsi4)
d:/iti_iot courses/2022-5/embedded systems/tools/imt_sdk_win_64/winavr/bin/../lib/gcc/avr/4.3.3/avr5\libgcc.a(_divmodsi4.o)
                              ./HAL/LCD/Source/LCD_Program.o (__divmodsi4)
d:/iti_iot courses/2022-5/embedded systems/tools/imt_sdk_win_64/winavr/bin/../lib/gcc/avr/4.3.3/avr5\libgcc.a(_exit.o)
                              d:/iti_iot courses/2022-5/embedded systems/tools/imt_sdk_win_64/winavr/bin/../lib/gcc/avr/4.3.3/../../../../avr/lib/avr5/crtm32.o (exit)
d:/iti_iot courses/2022-5/embedded systems/tools/imt_sdk_win_64/winavr/bin/../lib/gcc/avr/4.3.3/avr5\libgcc.a(_copy_data.o)
                              ./OS/tasks.o (__do_copy_data)
d:/iti_iot courses/2022-5/embedded systems/tools/imt_sdk_win_64/winavr/bin/../lib/gcc/avr/4.3.3/avr5\libgcc.a(_clear_bss.o)
                              ./OS/croutine.o (__do_clear_bss)
d:/iti_iot courses/2022-5/embedded systems/tools/imt_sdk_win_64/winavr/bin/../lib/gcc/avr/4.3.3/avr5\libgcc.a(_fixunssfsi.o)
                              ./HAL/LCD/Source/LCD_Program.o (__fixunssfsi)
d:/iti_iot courses/2022-5/embedded systems/tools/imt_sdk_win_64/winavr/bin/../lib/gcc/avr/4.3.3/avr5\libgcc.a(_addsub_sf.o)
                              d:/iti_iot courses/2022-5/embedded systems/tools/imt_sdk_win_64/winavr/bin/../lib/gcc/avr/4.3.3/avr5\libgcc.a(_fixunssfsi.o) (__subsf3)
d:/iti_iot courses/2022-5/embedded systems/tools/imt_sdk_win_64/winavr/bin/../lib/gcc/avr/4.3.3/avr5\libgcc.a(_mul_sf.o)
                              ./HAL/LCD/Source/LCD_Program.o (__mulsf3)
d:/iti_iot courses/2022-5/embedded systems/tools/imt_sdk_win_64/winavr/bin/../lib/gcc/avr/4.3.3/avr5\libgcc.a(_gt_sf.o)
                              ./HAL/LCD/Source/LCD_Program.o (__gtsf2)
d:/iti_iot courses/2022-5/embedded systems/tools/imt_sdk_win_64/winavr/bin/../lib/gcc/avr/4.3.3/avr5\libgcc.a(_ge_sf.o)
                              d:/iti_iot courses/2022-5/embedded systems/tools/imt_sdk_win_64/winavr/bin/../lib/gcc/avr/4.3.3/avr5\libgcc.a(_fixunssfsi.o) (__gesf2)
d:/iti_iot courses/2022-5/embedded systems/tools/imt_sdk_win_64/winavr/bin/../lib/gcc/avr/4.3.3/avr5\libgcc.a(_lt_sf.o)
                              ./HAL/LCD/Source/LCD_Program.o (__ltsf2)
d:/iti_iot courses/2022-5/embedded systems/tools/imt_sdk_win_64/winavr/bin/../lib/gcc/avr/4.3.3/avr5\libgcc.a(_sf_to_si.o)
                              d:/iti_iot courses/2022-5/embedded systems/tools/imt_sdk_win_64/winavr/bin/../lib/gcc/avr/4.3.3/avr5\libgcc.a(_fixunssfsi.o) (__fixsfsi)
d:/iti_iot courses/2022-5/embedded systems/tools/imt_sdk_win_64/winavr/bin/../lib/gcc/avr/4.3.3/avr5\libgcc.a(_thenan_sf.o)
                              d:/iti_iot courses/2022-5/embedded systems/tools/imt_sdk_win_64/winavr/bin/../lib/gcc/avr/4.3.3/avr5\libgcc.a(_addsub_sf.o) (__thenan_sf)
d:/iti_iot courses/2022-5/embedded systems/tools/imt_sdk_win_64/winavr/bin/../lib/gcc/avr/4.3.3/avr5\libgcc.a(_prologue.o)
                              d:/iti_iot courses/2022-5/embedded systems/tools/imt_sdk_win_64/winavr/bin/../lib/gcc/avr/4.3.3/avr5\libgcc.a(_addsub_sf.o) (__prologue_saves__)
d:/iti_iot courses/2022-5/embedded systems/tools/imt_sdk_win_64/winavr/bin/../lib/gcc/avr/4.3.3/avr5\libgcc.a(_epilogue.o)
                              d:/iti_iot courses/2022-5/embedded systems/tools/imt_sdk_win_64/winavr/bin/../lib/gcc/avr/4.3.3/avr5\libgcc.a(_addsub_sf.o) (__epilogue_restores__)
d:/iti_iot courses/2022-5/embedded systems/tools/imt_sdk_win_64/winavr/bin/../lib/gcc/avr/4.3.3/avr5\libgcc.a(_pack_sf.o)
                              d:/iti_iot courses/2022-5/embedded systems/tools/imt_sdk_win_64/winavr/bin/../lib/gcc/avr/4.3.3/avr5\libgcc.a(_addsub_sf.o) (__pack_f)
d:/iti_iot courses/2022-5/embedded systems/tools/imt_sdk_win_64/winavr/bin/../lib/gcc/avr/4.3.3/avr5\libgcc.a(_unpack_sf.o)
                              d:/iti_iot courses/2022-5/embedded systems/tools/imt_sdk_win_64/winavr/bin/../lib/gcc/avr/4.3.3/avr5\libgcc.a(_addsub_sf.o) (__unpack_f)
d:/iti_iot courses/2022-5/embedded systems/tools/imt_sdk_win_64/winavr/bin/../lib/gcc/avr/4.3.3/avr5\libgcc.a(_fpcmp_parts_sf.o)
                              d:/iti_iot courses/2022-5/embedded systems/tools/imt_sdk_win_64/winavr/bin/../lib/gcc/avr/4.3.3/avr5\libgcc.a(_gt_sf.o) (__fpcmp_parts_f)
d:/iti_iot courses/2022-5/embedded systems/tools/imt_sdk_win_64/winavr/bin/../lib/gcc/avr/4.3.3/../../../../avr/lib/avr5\libc.a(memcpy.o)
                              ./OS/queue.o (memcpy)
d:/iti_iot courses/2022-5/embedded systems/tools/imt_sdk_win_64/winavr/bin/../lib/gcc/avr/4.3.3/../../../../avr/lib/avr5\libc.a(memset.o)
                              ./OS/tasks.o (memset)
d:/iti_iot courses/2022-5/embedded systems/tools/imt_sdk_win_64/winavr/bin/../lib/gcc/avr/4.3.3/../../../../avr/lib/avr5\libc.a(strncpy.o)
                              ./OS/tasks.o (strncpy)

Memory Configuration

Name             Origin             Length             Attributes
text             0x00000000         0x00020000         xr
data             0x00800060         0x0000ffa0         rw !x
eeprom           0x00810000         0x00010000         rw !x
fuse             0x00820000         0x00000400         rw !x
lock             0x00830000         0x00000400         rw !x
signature        0x00840000         0x00000400         rw !x
*default*        0x00000000         0xffffffff

Linker script and memory map

LOAD d:/iti_iot courses/2022-5/embedded systems/tools/imt_sdk_win_64/winavr/bin/../lib/gcc/avr/4.3.3/../../../../avr/lib/avr5/crtm32.o
LOAD ./OS/croutine.o
LOAD ./OS/heap_1.o
LOAD ./OS/list.o
LOAD ./OS/port.o
LOAD ./OS/queue.o
LOAD ./OS/tasks.o
LOAD ./OS/timers.o
LOAD ./MCAL/UART/Source/UART_program.o
LOAD ./MCAL/TIMER0/Source/TIMER0_program.o
LOAD ./MCAL/DIO/Source/DIO_Program.o
LOAD ./MCAL/ADC/Source/ADC_program.o
LOAD ./HAL/TempSens/Source/TEMP.o
LOAD ./HAL/LCD/Source/LCD_Program.o
LOAD ./HAL/KPD/Source/KPAD_program.o
LOAD ./main.o
LOAD d:/iti_iot courses/2022-5/embedded systems/tools/imt_sdk_win_64/winavr/bin/../lib/gcc/avr/4.3.3/avr5\libgcc.a
LOAD d:/iti_iot courses/2022-5/embedded systems/tools/imt_sdk_win_64/winavr/bin/../lib/gcc/avr/4.3.3/../../../../avr/lib/avr5\libc.a
LOAD d:/iti_iot courses/2022-5/embedded systems/tools/imt_sdk_win_64/winavr/bin/../lib/gcc/avr/4.3.3/avr5\libgcc.a

.hash
 *(.hash)

.dynsym
 *(.dynsym)

.dynstr
 *(.dynstr)

.gnu.version
 *(.gnu.version)

.gnu.version_d
 *(.gnu.version_d)

.gnu.version_r
 *(.gnu.version_r)

.rel.init
 *(.rel.init)

.rela.init
 *(.rela.init)

.rel.text
 *(.rel.text)
 *(.rel.text.*)
 *(.rel.gnu.linkonce.t*)

.rela.text
 *(.rela.text)
 *(.rela.text.*)
 *(.rela.gnu.linkonce.t*)

.rel.fini
 *(.rel.fini)

.rela.fini
 *(.rela.fini)

.rel.rodata
 *(.rel.rodata)
 *(.rel.rodata.*)
 *(.rel.gnu.linkonce.r*)

.rela.rodata
 *(.rela.rodata)
 *(.rela.rodata.*)
 *(.rela.gnu.linkonce.r*)

.rel.data
 *(.rel.data)
 *(.rel.data.*)
 *(.rel.gnu.linkonce.d*)

.rela.data
 *(.rela.data)
 *(.rela.data.*)
 *(.rela.gnu.linkonce.d*)

.rel.ctors
 *(.rel.ctors)

.rela.ctors
 *(.rela.ctors)

.rel.dtors
 *(.rel.dtors)

.rela.dtors
 *(.rela.dtors)

.rel.got
 *(.rel.got)

.rela.got
 *(.rela.got)

.rel.bss
 *(.rel.bss)

.rela.bss
 *(.rela.bss)

.rel.plt
 *(.rel.plt)

.rela.plt
 *(.rela.plt)

.text           0x00000000     0x4826
 *(.vectors)
 .vectors       0x00000000       0x54 d:/iti_iot courses/2022-5/embedded systems/tools/imt_sdk_win_64/winavr/bin/../lib/gcc/avr/4.3.3/../../../../avr/lib/avr5/crtm32.o
                0x00000000                __vectors
                0x00000000                __vector_default
 *(.vectors)
 *(.progmem.gcc*)
 *(.progmem*)
                0x00000054                . = ALIGN (0x2)
                0x00000054                __trampolines_start = .
 *(.trampolines)
 .trampolines   0x00000054        0x0 linker stubs
 *(.trampolines*)
                0x00000054                __trampolines_end = .
 *(.jumptables)
 *(.jumptables*)
 *(.lowtext)
 *(.lowtext*)
                0x00000054                __ctors_start = .
 *(.ctors)
                0x00000054                __ctors_end = .
                0x00000054                __dtors_start = .
 *(.dtors)
                0x00000054                __dtors_end = .
 SORT(*)(.ctors)
 SORT(*)(.dtors)
 *(.init0)
 .init0         0x00000054        0x0 d:/iti_iot courses/2022-5/embedded systems/tools/imt_sdk_win_64/winavr/bin/../lib/gcc/avr/4.3.3/../../../../avr/lib/avr5/crtm32.o
                0x00000054                __init
 *(.init0)
 *(.init1)
 *(.init1)
 *(.init2)
 .init2         0x00000054        0xc d:/iti_iot courses/2022-5/embedded systems/tools/imt_sdk_win_64/winavr/bin/../lib/gcc/avr/4.3.3/../../../../avr/lib/avr5/crtm32.o
 *(.init2)
 *(.init3)
 *(.init3)
 *(.init4)
 .init4         0x00000060       0x16 d:/iti_iot courses/2022-5/embedded systems/tools/imt_sdk_win_64/winavr/bin/../lib/gcc/avr/4.3.3/avr5\libgcc.a(_copy_data.o)
                0x00000060                __do_copy_data
 .init4         0x00000076       0x10 d:/iti_iot courses/2022-5/embedded systems/tools/imt_sdk_win_64/winavr/bin/../lib/gcc/avr/4.3.3/avr5\libgcc.a(_clear_bss.o)
                0x00000076                __do_clear_bss
 *(.init4)
 *(.init5)
 *(.init5)
 *(.init6)
 *(.init6)
 *(.init7)
 *(.init7)
 *(.init8)
 *(.init8)
 *(.init9)
 .init9         0x00000086        0x8 d:/iti_iot courses/2022-5/embedded systems/tools/imt_sdk_win_64/winavr/bin/../lib/gcc/avr/4.3.3/../../../../avr/lib/avr5/crtm32.o
 *(.init9)
 *(.text)
 .text          0x0000008e        0x4 d:/iti_iot courses/2022-5/embedded systems/tools/imt_sdk_win_64/winavr/bin/../lib/gcc/avr/4.3.3/../../../../avr/lib/avr5/crtm32.o
                0x0000008e                __vector_1
                0x0000008e                __vector_12
                0x0000008e                __bad_interrupt
                0x0000008e                __vector_6
                0x0000008e                __vector_3
                0x0000008e                __vector_13
                0x0000008e                __vector_17
                0x0000008e                __vector_19
                0x0000008e                __vector_5
                0x0000008e                __vector_4
                0x0000008e                __vector_9
                0x0000008e                __vector_2
                0x0000008e                __vector_15
                0x0000008e                __vector_8
                0x0000008e                __vector_14
                0x0000008e                __vector_10
                0x0000008e                __vector_16
                0x0000008e                __vector_18
                0x0000008e                __vector_20
 .text          0x00000092        0x0 ./OS/croutine.o
 .text          0x00000092        0x0 ./OS/heap_1.o
 .text          0x00000092        0x0 ./OS/list.o
 .text          0x00000092        0x0 ./OS/port.o
 .text          0x00000092        0x0 ./OS/queue.o
 .text          0x00000092        0x0 ./OS/tasks.o
 .text          0x00000092        0x0 ./OS/timers.o
 .text          0x00000092        0x0 ./MCAL/UART/Source/UART_program.o
 .text          0x00000092        0x0 ./MCAL/TIMER0/Source/TIMER0_program.o
 .text          0x00000092        0x0 ./MCAL/DIO/Source/DIO_Program.o
 .text          0x00000092        0x0 ./MCAL/ADC/Source/ADC_program.o
 .text          0x00000092        0x0 ./HAL/TempSens/Source/TEMP.o
 .text          0x00000092        0x0 ./HAL/LCD/Source/LCD_Program.o
 .text          0x00000092        0x0 ./HAL/KPD/Source/KPAD_program.o
 .text          0x00000092        0x0 ./main.o
 .text          0x00000092        0x0 d:/iti_iot courses/2022-5/embedded systems/tools/imt_sdk_win_64/winavr/bin/../lib/gcc/avr/4.3.3/avr5\libgcc.a(_mulsi3.o)
 .text          0x00000092        0x0 d:/iti_iot courses/2022-5/embedded systems/tools/imt_sdk_win_64/winavr/bin/../lib/gcc/avr/4.3.3/avr5\libgcc.a(_udivmodhi4.o)
 .text          0x00000092        0x0 d:/iti_iot courses/2022-5/embedded systems/tools/imt_sdk_win_64/winavr/bin/../lib/gcc/avr/4.3.3/avr5\libgcc.a(_udivmodsi4.o)
 .text          0x00000092        0x0 d:/iti_iot courses/2022-5/embedded systems/tools/imt_sdk_win_64/winavr/bin/../lib/gcc/avr/4.3.3/avr5\libgcc.a(_divmodsi4.o)
 .text          0x00000092        0x0 d:/iti_iot courses/2022-5/embedded systems/tools/imt_sdk_win_64/winavr/bin/../lib/gcc/avr/4.3.3/avr5\libgcc.a(_exit.o)
 .text          0x00000092        0x0 d:/iti_iot courses/2022-5/embedded systems/tools/imt_sdk_win_64/winavr/bin/../lib/gcc/avr/4.3.3/avr5\libgcc.a(_copy_data.o)
 .text          0x00000092        0x0 d:/iti_iot courses/2022-5/embedded systems/tools/imt_sdk_win_64/winavr/bin/../lib/gcc/avr/4.3.3/avr5\libgcc.a(_clear_bss.o)
 .text          0x00000092       0x58 d:/iti_iot courses/2022-5/embedded systems/tools/imt_sdk_win_64/winavr/bin/../lib/gcc/avr/4.3.3/avr5\libgcc.a(_fixunssfsi.o)
                0x00000092                __fixunssfsi
 .text          0x000000ea      0x354 d:/iti_iot courses/2022-5/embedded systems/tools/imt_sdk_win_64/winavr/bin/../lib/gcc/avr/4.3.3/avr5\libgcc.a(_addsub_sf.o)
                0x00000382                __subsf3
                0x000003e4                __addsf3
 .text          0x0000043e      0x1f4 d:/iti_iot courses/2022-5/embedded systems/tools/imt_sdk_win_64/winavr/bin/../lib/gcc/avr/4.3.3/avr5\libgcc.a(_mul_sf.o)
                0x0000043e                __mulsf3
 .text          0x00000632       0x60 d:/iti_iot courses/2022-5/embedded systems/tools/imt_sdk_win_64/winavr/bin/../lib/gcc/avr/4.3.3/avr5\libgcc.a(_gt_sf.o)
                0x00000632                __gtsf2
 .text          0x00000692       0x60 d:/iti_iot courses/2022-5/embedded systems/tools/imt_sdk_win_64/winavr/bin/../lib/gcc/avr/4.3.3/avr5\libgcc.a(_ge_sf.o)
                0x00000692                __gesf2
 .text          0x000006f2       0x60 d:/iti_iot courses/2022-5/embedded systems/tools/imt_sdk_win_64/winavr/bin/../lib/gcc/avr/4.3.3/avr5\libgcc.a(_lt_sf.o)
                0x000006f2                __ltsf2
 .text          0x00000752       0xa8 d:/iti_iot courses/2022-5/embedded systems/tools/imt_sdk_win_64/winavr/bin/../lib/gcc/avr/4.3.3/avr5\libgcc.a(_sf_to_si.o)
                0x00000752                __fixsfsi
 .text          0x000007fa        0x0 d:/iti_iot courses/2022-5/embedded systems/tools/imt_sdk_win_64/winavr/bin/../lib/gcc/avr/4.3.3/avr5\libgcc.a(_thenan_sf.o)
 .text          0x000007fa        0x0 d:/iti_iot courses/2022-5/embedded systems/tools/imt_sdk_win_64/winavr/bin/../lib/gcc/avr/4.3.3/avr5\libgcc.a(_prologue.o)
 .text          0x000007fa        0x0 d:/iti_iot courses/2022-5/embedded systems/tools/imt_sdk_win_64/winavr/bin/../lib/gcc/avr/4.3.3/avr5\libgcc.a(_epilogue.o)
 .text          0x000007fa      0x1aa d:/iti_iot courses/2022-5/embedded systems/tools/imt_sdk_win_64/winavr/bin/../lib/gcc/avr/4.3.3/avr5\libgcc.a(_pack_sf.o)
                0x000007fa                __pack_f
 .text          0x000009a4       0xf0 d:/iti_iot courses/2022-5/embedded systems/tools/imt_sdk_win_64/winavr/bin/../lib/gcc/avr/4.3.3/avr5\libgcc.a(_unpack_sf.o)
                0x000009a4                __unpack_f
 .text          0x00000a94       0xb2 d:/iti_iot courses/2022-5/embedded systems/tools/imt_sdk_win_64/winavr/bin/../lib/gcc/avr/4.3.3/avr5\libgcc.a(_fpcmp_parts_sf.o)
                0x00000a94                __fpcmp_parts_f
 .text          0x00000b46        0x0 d:/iti_iot courses/2022-5/embedded systems/tools/imt_sdk_win_64/winavr/bin/../lib/gcc/avr/4.3.3/../../../../avr/lib/avr5\libc.a(memcpy.o)
 .text          0x00000b46        0x0 d:/iti_iot courses/2022-5/embedded systems/tools/imt_sdk_win_64/winavr/bin/../lib/gcc/avr/4.3.3/../../../../avr/lib/avr5\libc.a(memset.o)
 .text          0x00000b46        0x0 d:/iti_iot courses/2022-5/embedded systems/tools/imt_sdk_win_64/winavr/bin/../lib/gcc/avr/4.3.3/../../../../avr/lib/avr5\libc.a(strncpy.o)
                0x00000b46                . = ALIGN (0x2)
 *(.text.*)
 .text.xCoRoutineCreate
                0x00000b46      0x128 ./OS/croutine.o
                0x00000b46                xCoRoutineCreate
 .text.vCoRoutineAddToDelayedList
                0x00000c6e       0xc2 ./OS/croutine.o
                0x00000c6e                vCoRoutineAddToDelayedList
 .text.prvCheckPendingReadyList
                0x00000d30       0x94 ./OS/croutine.o
 .text.prvCheckDelayedList
                0x00000dc4      0x15c ./OS/croutine.o
 .text.vCoRoutineSchedule
                0x00000f20       0xf4 ./OS/croutine.o
                0x00000f20                vCoRoutineSchedule
 .text.prvInitialiseCoRoutineLists
                0x00001014       0x72 ./OS/croutine.o
 .text.xCoRoutineRemoveFromEventList
                0x00001086       0x70 ./OS/croutine.o
                0x00001086                xCoRoutineRemoveFromEventList
 .text.pvPortMalloc
                0x000010f6       0x8c ./OS/heap_1.o
                0x000010f6                pvPortMalloc
 .text.vPortFree
                0x00001182       0x18 ./OS/heap_1.o
                0x00001182                vPortFree
 .text.vPortInitialiseBlocks
                0x0000119a       0x16 ./OS/heap_1.o
                0x0000119a                vPortInitialiseBlocks
 .text.xPortGetFreeHeapSize
                0x000011b0       0x1e ./OS/heap_1.o
                0x000011b0                xPortGetFreeHeapSize
 .text.vListInitialise
                0x000011ce       0x54 ./OS/list.o
                0x000011ce                vListInitialise
 .text.vListInitialiseItem
                0x00001222       0x20 ./OS/list.o
                0x00001222                vListInitialiseItem
 .text.vListInsertEnd
                0x00001242       0x98 ./OS/list.o
                0x00001242                vListInsertEnd
 .text.vListInsert
                0x000012da       0xd8 ./OS/list.o
                0x000012da                vListInsert
 .text.vListRemove
                0x000013b2       0x92 ./OS/list.o
                0x000013b2                vListRemove
 .text.pxPortInitialiseStack
                0x00001444      0x306 ./OS/port.o
                0x00001444                pxPortInitialiseStack
 .text.xPortStartScheduler
                0x0000174a       0x6a ./OS/port.o
                0x0000174a                xPortStartScheduler
 .text.vPortEndScheduler
                0x000017b4        0xe ./OS/port.o
                0x000017b4                vPortEndScheduler
 .text.vPortYield
                0x000017c2       0xb2 ./OS/port.o
                0x000017c2                vPortYield
 .text.vPortYieldFromTick
                0x00001874       0xb6 ./OS/port.o
                0x00001874                vPortYieldFromTick
 .text.prvSetupTimerInterrupt
                0x0000192a       0xb8 ./OS/port.o
 .text.__vector_7
                0x000019e2        0x6 ./OS/port.o
                0x000019e2                __vector_7
 .text.xQueueCreate
                0x000019e8      0x152 ./OS/queue.o
                0x000019e8                xQueueCreate
 .text.xQueueGenericSend
                0x00001b3a      0x13c ./OS/queue.o
                0x00001b3a                xQueueGenericSend
 .text.xQueueGenericSendFromISR
                0x00001c76       0x9a ./OS/queue.o
                0x00001c76                xQueueGenericSendFromISR
 .text.xQueueGenericReceive
                0x00001d10      0x180 ./OS/queue.o
                0x00001d10                xQueueGenericReceive
 .text.xQueueReceiveFromISR
                0x00001e90       0x9e ./OS/queue.o
                0x00001e90                xQueueReceiveFromISR
 .text.uxQueueMessagesWaiting
                0x00001f2e       0x30 ./OS/queue.o
                0x00001f2e                uxQueueMessagesWaiting
 .text.uxQueueMessagesWaitingFromISR
                0x00001f5e       0x26 ./OS/queue.o
                0x00001f5e                uxQueueMessagesWaitingFromISR
 .text.vQueueDelete
                0x00001f84       0x2c ./OS/queue.o
                0x00001f84                vQueueDelete
 .text.prvCopyDataToQueue
                0x00001fb0      0x12a ./OS/queue.o
 .text.prvCopyDataFromQueue
                0x000020da       0x90 ./OS/queue.o
 .text.prvUnlockQueue
                0x0000216a       0xa8 ./OS/queue.o
 .text.prvIsQueueEmpty
                0x00002212       0x38 ./OS/queue.o
 .text.xQueueIsQueueEmptyFromISR
                0x0000224a       0x2e ./OS/queue.o
                0x0000224a                xQueueIsQueueEmptyFromISR
 .text.prvIsQueueFull
                0x00002278       0x3e ./OS/queue.o
 .text.xQueueIsQueueFullFromISR
                0x000022b6       0x34 ./OS/queue.o
                0x000022b6                xQueueIsQueueFullFromISR
 .text.xTaskGenericCreate
                0x000022ea      0x1da ./OS/tasks.o
                0x000022ea                xTaskGenericCreate
 .text.vTaskDelete
                0x000024c4       0xc6 ./OS/tasks.o
                0x000024c4                vTaskDelete
 .text.vTaskDelayUntil
                0x0000258a       0xe8 ./OS/tasks.o
                0x0000258a                vTaskDelayUntil
 .text.vTaskDelay
                0x00002672       0x6a ./OS/tasks.o
                0x00002672                vTaskDelay
 .text.vTaskStartScheduler
                0x000026dc       0x6e ./OS/tasks.o
                0x000026dc                vTaskStartScheduler
 .text.vTaskEndScheduler
                0x0000274a       0x18 ./OS/tasks.o
                0x0000274a                vTaskEndScheduler
 .text.vTaskSuspendAll
                0x00002762       0x18 ./OS/tasks.o
                0x00002762                vTaskSuspendAll
 .text.xTaskResumeAll
                0x0000277a      0x114 ./OS/tasks.o
                0x0000277a                xTaskResumeAll
 .text.xTaskGetTickCount
                0x0000288e       0x2e ./OS/tasks.o
                0x0000288e                xTaskGetTickCount
 .text.xTaskGetTickCountFromISR
                0x000028bc       0x2a ./OS/tasks.o
                0x000028bc                xTaskGetTickCountFromISR
 .text.uxTaskGetNumberOfTasks
                0x000028e6       0x12 ./OS/tasks.o
                0x000028e6                uxTaskGetNumberOfTasks
 .text.vTaskIncrementTick
                0x000028f8      0x1aa ./OS/tasks.o
                0x000028f8                vTaskIncrementTick
 .text.vTaskSwitchContext
                0x00002aa2       0xcc ./OS/tasks.o
                0x00002aa2                vTaskSwitchContext
 .text.vTaskPlaceOnEventList
                0x00002b6e       0x6c ./OS/tasks.o
                0x00002b6e                vTaskPlaceOnEventList
 .text.xTaskRemoveFromEventList
                0x00002bda       0xd0 ./OS/tasks.o
                0x00002bda                xTaskRemoveFromEventList
 .text.vTaskSetTimeOutState
                0x00002caa       0x32 ./OS/tasks.o
                0x00002caa                vTaskSetTimeOutState
 .text.xTaskCheckForTimeOut
                0x00002cdc       0xba ./OS/tasks.o
                0x00002cdc                xTaskCheckForTimeOut
 .text.vTaskMissedYield
                0x00002d96       0x14 ./OS/tasks.o
                0x00002d96                vTaskMissedYield
 .text.prvIdleTask
                0x00002daa       0x14 ./OS/tasks.o
 .text.prvInitialiseTCBVariables
                0x00002dbe       0xae ./OS/tasks.o
 .text.prvInitialiseTaskLists
                0x00002e6c       0x7a ./OS/tasks.o
 .text.prvCheckTasksWaitingTermination
                0x00002ee6       0x7c ./OS/tasks.o
 .text.prvAddCurrentTaskToDelayedList
                0x00002f62       0x92 ./OS/tasks.o
 .text.prvAllocateTCBAndStack
                0x00002ff4       0xa0 ./OS/tasks.o
 .text.prvDeleteTCB
                0x00003094       0x2c ./OS/tasks.o
 .text.UART_Init
                0x000030c0       0x38 ./MCAL/UART/Source/UART_program.o
                0x000030c0                UART_Init
 .text.UART_Tx  0x000030f8       0x14 ./MCAL/UART/Source/UART_program.o
                0x000030f8                UART_Tx
 .text.UART_Rx  0x0000310c       0x12 ./MCAL/UART/Source/UART_program.o
                0x0000310c                UART_Rx
 .text.TIMER0_OVERflow_init
                0x0000311e       0x68 ./MCAL/TIMER0/Source/TIMER0_program.o
                0x0000311e                TIMER0_OVERflow_init
 .text.__vector_11
                0x00003186       0x18 ./MCAL/TIMER0/Source/TIMER0_program.o
                0x00003186                __vector_11
 .text.CTC_init
                0x0000319e        0xe ./MCAL/TIMER0/Source/TIMER0_program.o
                0x0000319e                CTC_init
 .text.DIO_VoidSetPinDir
                0x000031ac      0x210 ./MCAL/DIO/Source/DIO_Program.o
                0x000031ac                DIO_VoidSetPinDir
 .text.DIO_VoidSetPinValue
                0x000033bc      0x210 ./MCAL/DIO/Source/DIO_Program.o
                0x000033bc                DIO_VoidSetPinValue
 .text.DIO_U8GetPinValue
                0x000035cc      0x102 ./MCAL/DIO/Source/DIO_Program.o
                0x000035cc                DIO_U8GetPinValue
 .text.DIO_voidPullupPinControl
                0x000036ce       0x32 ./MCAL/DIO/Source/DIO_Program.o
                0x000036ce                DIO_voidPullupPinControl
 .text.DIO_VoidSetPortDir
                0x00003700       0x88 ./MCAL/DIO/Source/DIO_Program.o
                0x00003700                DIO_VoidSetPortDir
 .text.DIO_VoidSetPortValue
                0x00003788       0x88 ./MCAL/DIO/Source/DIO_Program.o
                0x00003788                DIO_VoidSetPortValue
 .text.DIO_U8GetPortValue
                0x00003810       0x88 ./MCAL/DIO/Source/DIO_Program.o
                0x00003810                DIO_U8GetPortValue
 .text.ADC_init
                0x00003898       0x1e ./MCAL/ADC/Source/ADC_program.o
                0x00003898                ADC_init
 .text.ADC_Read
                0x000038b6       0x88 ./MCAL/ADC/Source/ADC_program.o
                0x000038b6                ADC_Read
 .text.Temp_VoidInit
                0x0000393e       0x12 ./HAL/TempSens/Source/TEMP.o
                0x0000393e                Temp_VoidInit
 .text.Temp_voidGetTemperature
                0x00003950       0x7e ./HAL/TempSens/Source/TEMP.o
                0x00003950                Temp_voidGetTemperature
 .text.LCD_VoidSendCommand
                0x000039ce       0x44 ./HAL/LCD/Source/LCD_Program.o
                0x000039ce                LCD_VoidSendCommand
 .text.LCD_VoidSendChar
                0x00003a12       0x44 ./HAL/LCD/Source/LCD_Program.o
                0x00003a12                LCD_VoidSendChar
 .text.LCD_VoidInit
                0x00003a56      0x7e2 ./HAL/LCD/Source/LCD_Program.o
                0x00003a56                LCD_VoidInit
 .text.LCD_VoidSendString
                0x00004238       0x52 ./HAL/LCD/Source/LCD_Program.o
                0x00004238                LCD_VoidSendString
 .text.LCD_VoidSendNumber
                0x0000428a      0x142 ./HAL/LCD/Source/LCD_Program.o
                0x0000428a                LCD_VoidSendNumber
 .text.LCD_VoidGoToXY
                0x000043cc       0x54 ./HAL/LCD/Source/LCD_Program.o
                0x000043cc                LCD_VoidGoToXY
 .text.LCD_VoidStoreSpecialChar
                0x00004420       0x60 ./HAL/LCD/Source/LCD_Program.o
                0x00004420                LCD_VoidStoreSpecialChar
 .text.LCD_VoidDisplaySpecialChar
                0x00004480       0x1a ./HAL/LCD/Source/LCD_Program.o
                0x00004480                LCD_VoidDisplaySpecialChar
 .text.KPAD_init
                0x0000449a       0x1e ./HAL/KPD/Source/KPAD_program.o
                0x0000449a                KPAD_init
 .text.KPAD_getPressedKey
                0x000044b8       0xee ./HAL/KPD/Source/KPAD_program.o
                0x000044b8                KPAD_getPressedKey
 .text.main     0x000045a6       0x60 ./main.o
                0x000045a6                main
 .text.vTask1Blink500
                0x00004606       0x48 ./main.o
                0x00004606                vTask1Blink500
 .text.vTask1Blink1000
                0x0000464e       0x48 ./main.o
                0x0000464e                vTask1Blink1000
 .text.libgcc   0x00004696       0x3e d:/iti_iot courses/2022-5/embedded systems/tools/imt_sdk_win_64/winavr/bin/../lib/gcc/avr/4.3.3/avr5\libgcc.a(_mulsi3.o)
                0x00004696                __mulsi3
 .text.libgcc   0x000046d4       0x28 d:/iti_iot courses/2022-5/embedded systems/tools/imt_sdk_win_64/winavr/bin/../lib/gcc/avr/4.3.3/avr5\libgcc.a(_udivmodhi4.o)
                0x000046d4                __udivmodhi4
 .text.libgcc   0x000046fc       0x44 d:/iti_iot courses/2022-5/embedded systems/tools/imt_sdk_win_64/winavr/bin/../lib/gcc/avr/4.3.3/avr5\libgcc.a(_udivmodsi4.o)
                0x000046fc                __udivmodsi4
 .text.libgcc   0x00004740       0x36 d:/iti_iot courses/2022-5/embedded systems/tools/imt_sdk_win_64/winavr/bin/../lib/gcc/avr/4.3.3/avr5\libgcc.a(_divmodsi4.o)
                0x00004740                __divmodsi4
 .text.libgcc   0x00004776        0x0 d:/iti_iot courses/2022-5/embedded systems/tools/imt_sdk_win_64/winavr/bin/../lib/gcc/avr/4.3.3/avr5\libgcc.a(_exit.o)
 .text.libgcc   0x00004776        0x0 d:/iti_iot courses/2022-5/embedded systems/tools/imt_sdk_win_64/winavr/bin/../lib/gcc/avr/4.3.3/avr5\libgcc.a(_copy_data.o)
 .text.libgcc   0x00004776        0x0 d:/iti_iot courses/2022-5/embedded systems/tools/imt_sdk_win_64/winavr/bin/../lib/gcc/avr/4.3.3/avr5\libgcc.a(_clear_bss.o)
 .text.libgcc   0x00004776       0x38 d:/iti_iot courses/2022-5/embedded systems/tools/imt_sdk_win_64/winavr/bin/../lib/gcc/avr/4.3.3/avr5\libgcc.a(_prologue.o)
                0x00004776                __prologue_saves__
 .text.libgcc   0x000047ae       0x36 d:/iti_iot courses/2022-5/embedded systems/tools/imt_sdk_win_64/winavr/bin/../lib/gcc/avr/4.3.3/avr5\libgcc.a(_epilogue.o)
                0x000047ae                __epilogue_restores__
 .text.avr-libc
                0x000047e4       0x12 d:/iti_iot courses/2022-5/embedded systems/tools/imt_sdk_win_64/winavr/bin/../lib/gcc/avr/4.3.3/../../../../avr/lib/avr5\libc.a(memcpy.o)
                0x000047e4                memcpy
 .text.avr-libc
                0x000047f6        0xe d:/iti_iot courses/2022-5/embedded systems/tools/imt_sdk_win_64/winavr/bin/../lib/gcc/avr/4.3.3/../../../../avr/lib/avr5\libc.a(memset.o)
                0x000047f6                memset
 .text.avr-libc
                0x00004804       0x1e d:/iti_iot courses/2022-5/embedded systems/tools/imt_sdk_win_64/winavr/bin/../lib/gcc/avr/4.3.3/../../../../avr/lib/avr5\libc.a(strncpy.o)
                0x00004804                strncpy
                0x00004822                . = ALIGN (0x2)
 *(.fini9)
 .fini9         0x00004822        0x0 d:/iti_iot courses/2022-5/embedded systems/tools/imt_sdk_win_64/winavr/bin/../lib/gcc/avr/4.3.3/avr5\libgcc.a(_exit.o)
                0x00004822                exit
                0x00004822                _exit
 *(.fini9)
 *(.fini8)
 *(.fini8)
 *(.fini7)
 *(.fini7)
 *(.fini6)
 *(.fini6)
 *(.fini5)
 *(.fini5)
 *(.fini4)
 *(.fini4)
 *(.fini3)
 *(.fini3)
 *(.fini2)
 *(.fini2)
 *(.fini1)
 *(.fini1)
 *(.fini0)
 .fini0         0x00004822        0x4 d:/iti_iot courses/2022-5/embedded systems/tools/imt_sdk_win_64/winavr/bin/../lib/gcc/avr/4.3.3/avr5\libgcc.a(_exit.o)
 *(.fini0)
                0x00004826                _etext = .

.data           0x00800060       0x20 load address 0x00004826
                0x00800060                PROVIDE (__data_start, .)
 *(.data)
 .data          0x00800060        0x0 d:/iti_iot courses/2022-5/embedded systems/tools/imt_sdk_win_64/winavr/bin/../lib/gcc/avr/4.3.3/../../../../avr/lib/avr5/crtm32.o
 .data          0x00800060        0x0 ./OS/croutine.o
 .data          0x00800060        0x0 ./OS/heap_1.o
 .data          0x00800060        0x0 ./OS/list.o
 .data          0x00800060        0x0 ./OS/port.o
 .data          0x00800060        0x0 ./OS/queue.o
 .data          0x00800060        0x5 ./OS/tasks.o
 .data          0x00800065        0x0 ./OS/timers.o
 .data          0x00800065        0x0 ./MCAL/UART/Source/UART_program.o
 .data          0x00800065        0x0 ./MCAL/TIMER0/Source/TIMER0_program.o
 .data          0x00800065        0x0 ./MCAL/DIO/Source/DIO_Program.o
 .data          0x00800065        0x0 ./MCAL/ADC/Source/ADC_program.o
 .data          0x00800065        0x0 ./HAL/TempSens/Source/TEMP.o
 .data          0x00800065        0x0 ./HAL/LCD/Source/LCD_Program.o
 .data          0x00800065        0x0 ./HAL/KPD/Source/KPAD_program.o
 .data          0x00800065        0x0 ./main.o
 .data          0x00800065        0x0 d:/iti_iot courses/2022-5/embedded systems/tools/imt_sdk_win_64/winavr/bin/../lib/gcc/avr/4.3.3/avr5\libgcc.a(_mulsi3.o)
 .data          0x00800065        0x0 d:/iti_iot courses/2022-5/embedded systems/tools/imt_sdk_win_64/winavr/bin/../lib/gcc/avr/4.3.3/avr5\libgcc.a(_udivmodhi4.o)
 .data          0x00800065        0x0 d:/iti_iot courses/2022-5/embedded systems/tools/imt_sdk_win_64/winavr/bin/../lib/gcc/avr/4.3.3/avr5\libgcc.a(_udivmodsi4.o)
 .data          0x00800065        0x0 d:/iti_iot courses/2022-5/embedded systems/tools/imt_sdk_win_64/winavr/bin/../lib/gcc/avr/4.3.3/avr5\libgcc.a(_divmodsi4.o)
 .data          0x00800065        0x0 d:/iti_iot courses/2022-5/embedded systems/tools/imt_sdk_win_64/winavr/bin/../lib/gcc/avr/4.3.3/avr5\libgcc.a(_exit.o)
 .data          0x00800065        0x0 d:/iti_iot courses/2022-5/embedded systems/tools/imt_sdk_win_64/winavr/bin/../lib/gcc/avr/4.3.3/avr5\libgcc.a(_copy_data.o)
 .data          0x00800065        0x0 d:/iti_iot courses/2022-5/embedded systems/tools/imt_sdk_win_64/winavr/bin/../lib/gcc/avr/4.3.3/avr5\libgcc.a(_clear_bss.o)
 .data          0x00800065        0x0 d:/iti_iot courses/2022-5/embedded systems/tools/imt_sdk_win_64/winavr/bin/../lib/gcc/avr/4.3.3/avr5\libgcc.a(_fixunssfsi.o)
 .data          0x00800065        0x0 d:/iti_iot courses/2022-5/embedded systems/tools/imt_sdk_win_64/winavr/bin/../lib/gcc/avr/4.3.3/avr5\libgcc.a(_addsub_sf.o)
 .data          0x00800065        0x0 d:/iti_iot courses/2022-5/embedded systems/tools/imt_sdk_win_64/winavr/bin/../lib/gcc/avr/4.3.3/avr5\libgcc.a(_mul_sf.o)
 .data          0x00800065        0x0 d:/iti_iot courses/2022-5/embedded systems/tools/imt_sdk_win_64/winavr/bin/../lib/gcc/avr/4.3.3/avr5\libgcc.a(_gt_sf.o)
 .data          0x00800065        0x0 d:/iti_iot courses/2022-5/embedded systems/tools/imt_sdk_win_64/winavr/bin/../lib/gcc/avr/4.3.3/avr5\libgcc.a(_ge_sf.o)
 .data          0x00800065        0x0 d:/iti_iot courses/2022-5/embedded systems/tools/imt_sdk_win_64/winavr/bin/../lib/gcc/avr/4.3.3/avr5\libgcc.a(_lt_sf.o)
 .data          0x00800065        0x0 d:/iti_iot courses/2022-5/embedded systems/tools/imt_sdk_win_64/winavr/bin/../lib/gcc/avr/4.3.3/avr5\libgcc.a(_sf_to_si.o)
 .data          0x00800065        0x8 d:/iti_iot courses/2022-5/embedded systems/tools/imt_sdk_win_64/winavr/bin/../lib/gcc/avr/4.3.3/avr5\libgcc.a(_thenan_sf.o)
                0x00800065                __thenan_sf
 .data          0x0080006d        0x0 d:/iti_iot courses/2022-5/embedded systems/tools/imt_sdk_win_64/winavr/bin/../lib/gcc/avr/4.3.3/avr5\libgcc.a(_prologue.o)
 .data          0x0080006d        0x0 d:/iti_iot courses/2022-5/embedded systems/tools/imt_sdk_win_64/winavr/bin/../lib/gcc/avr/4.3.3/avr5\libgcc.a(_epilogue.o)
 .data          0x0080006d        0x0 d:/iti_iot courses/2022-5/embedded systems/tools/imt_sdk_win_64/winavr/bin/../lib/gcc/avr/4.3.3/avr5\libgcc.a(_pack_sf.o)
 .data          0x0080006d        0x0 d:/iti_iot courses/2022-5/embedded systems/tools/imt_sdk_win_64/winavr/bin/../lib/gcc/avr/4.3.3/avr5\libgcc.a(_unpack_sf.o)
 .data          0x0080006d        0x0 d:/iti_iot courses/2022-5/embedded systems/tools/imt_sdk_win_64/winavr/bin/../lib/gcc/avr/4.3.3/avr5\libgcc.a(_fpcmp_parts_sf.o)
 .data          0x0080006d        0x0 d:/iti_iot courses/2022-5/embedded systems/tools/imt_sdk_win_64/winavr/bin/../lib/gcc/avr/4.3.3/../../../../avr/lib/avr5\libc.a(memcpy.o)
 .data          0x0080006d        0x0 d:/iti_iot courses/2022-5/embedded systems/tools/imt_sdk_win_64/winavr/bin/../lib/gcc/avr/4.3.3/../../../../avr/lib/avr5\libc.a(memset.o)
 .data          0x0080006d        0x0 d:/iti_iot courses/2022-5/embedded systems/tools/imt_sdk_win_64/winavr/bin/../lib/gcc/avr/4.3.3/../../../../avr/lib/avr5\libc.a(strncpy.o)
 *(.data*)
 .data.xNextTaskUnblockTime
                0x0080006d        0x2 ./OS/tasks.o
 .data.keyPadButtons
                0x0080006f       0x10 ./HAL/KPD/Source/KPAD_program.o
                0x0080006f                keyPadButtons
 *(.rodata)
 *(.rodata*)
 *(.gnu.linkonce.d*)
                0x00800080                . = ALIGN (0x2)
 *fill*         0x0080007f        0x1 00
                0x00800080                _edata = .
                0x00800080                PROVIDE (__data_end, .)

.bss            0x00800080      0x2f8
                0x00800080                PROVIDE (__bss_start, .)
 *(.bss)
 .bss           0x00800080        0x0 d:/iti_iot courses/2022-5/embedded systems/tools/imt_sdk_win_64/winavr/bin/../lib/gcc/avr/4.3.3/../../../../avr/lib/avr5/crtm32.o
 .bss           0x00800080        0x0 ./OS/croutine.o
 .bss           0x00800080        0x0 ./OS/heap_1.o
 .bss           0x00800080        0x0 ./OS/list.o
 .bss           0x00800080        0x0 ./OS/port.o
 .bss           0x00800080        0x0 ./OS/queue.o
 .bss           0x00800080        0x0 ./OS/tasks.o
 .bss           0x00800080        0x0 ./OS/timers.o
 .bss           0x00800080        0x0 ./MCAL/UART/Source/UART_program.o
 .bss           0x00800080        0x0 ./MCAL/TIMER0/Source/TIMER0_program.o
 .bss           0x00800080        0x0 ./MCAL/DIO/Source/DIO_Program.o
 .bss           0x00800080        0x0 ./MCAL/ADC/Source/ADC_program.o
 .bss           0x00800080        0x0 ./HAL/TempSens/Source/TEMP.o
 .bss           0x00800080        0x0 ./HAL/LCD/Source/LCD_Program.o
 .bss           0x00800080        0x0 ./HAL/KPD/Source/KPAD_program.o
 .bss           0x00800080        0x0 ./main.o
 .bss           0x00800080        0x0 d:/iti_iot courses/2022-5/embedded systems/tools/imt_sdk_win_64/winavr/bin/../lib/gcc/avr/4.3.3/avr5\libgcc.a(_mulsi3.o)
 .bss           0x00800080        0x0 d:/iti_iot courses/2022-5/embedded systems/tools/imt_sdk_win_64/winavr/bin/../lib/gcc/avr/4.3.3/avr5\libgcc.a(_udivmodhi4.o)
 .bss           0x00800080        0x0 d:/iti_iot courses/2022-5/embedded systems/tools/imt_sdk_win_64/winavr/bin/../lib/gcc/avr/4.3.3/avr5\libgcc.a(_udivmodsi4.o)
 .bss           0x00800080        0x0 d:/iti_iot courses/2022-5/embedded systems/tools/imt_sdk_win_64/winavr/bin/../lib/gcc/avr/4.3.3/avr5\libgcc.a(_divmodsi4.o)
 .bss           0x00800080        0x0 d:/iti_iot courses/2022-5/embedded systems/tools/imt_sdk_win_64/winavr/bin/../lib/gcc/avr/4.3.3/avr5\libgcc.a(_exit.o)
 .bss           0x00800080        0x0 d:/iti_iot courses/2022-5/embedded systems/tools/imt_sdk_win_64/winavr/bin/../lib/gcc/avr/4.3.3/avr5\libgcc.a(_copy_data.o)
 .bss           0x00800080        0x0 d:/iti_iot courses/2022-5/embedded systems/tools/imt_sdk_win_64/winavr/bin/../lib/gcc/avr/4.3.3/avr5\libgcc.a(_clear_bss.o)
 .bss           0x00800080        0x0 d:/iti_iot courses/2022-5/embedded systems/tools/imt_sdk_win_64/winavr/bin/../lib/gcc/avr/4.3.3/avr5\libgcc.a(_fixunssfsi.o)
 .bss           0x00800080        0x0 d:/iti_iot courses/2022-5/embedded systems/tools/imt_sdk_win_64/winavr/bin/../lib/gcc/avr/4.3.3/avr5\libgcc.a(_addsub_sf.o)
 .bss           0x00800080        0x0 d:/iti_iot courses/2022-5/embedded systems/tools/imt_sdk_win_64/winavr/bin/../lib/gcc/avr/4.3.3/avr5\libgcc.a(_mul_sf.o)
 .bss           0x00800080        0x0 d:/iti_iot courses/2022-5/embedded systems/tools/imt_sdk_win_64/winavr/bin/../lib/gcc/avr/4.3.3/avr5\libgcc.a(_gt_sf.o)
 .bss           0x00800080        0x0 d:/iti_iot courses/2022-5/embedded systems/tools/imt_sdk_win_64/winavr/bin/../lib/gcc/avr/4.3.3/avr5\libgcc.a(_ge_sf.o)
 .bss           0x00800080        0x0 d:/iti_iot courses/2022-5/embedded systems/tools/imt_sdk_win_64/winavr/bin/../lib/gcc/avr/4.3.3/avr5\libgcc.a(_lt_sf.o)
 .bss           0x00800080        0x0 d:/iti_iot courses/2022-5/embedded systems/tools/imt_sdk_win_64/winavr/bin/../lib/gcc/avr/4.3.3/avr5\libgcc.a(_sf_to_si.o)
 .bss           0x00800080        0x0 d:/iti_iot courses/2022-5/embedded systems/tools/imt_sdk_win_64/winavr/bin/../lib/gcc/avr/4.3.3/avr5\libgcc.a(_thenan_sf.o)
 .bss           0x00800080        0x0 d:/iti_iot courses/2022-5/embedded systems/tools/imt_sdk_win_64/winavr/bin/../lib/gcc/avr/4.3.3/avr5\libgcc.a(_prologue.o)
 .bss           0x00800080        0x0 d:/iti_iot courses/2022-5/embedded systems/tools/imt_sdk_win_64/winavr/bin/../lib/gcc/avr/4.3.3/avr5\libgcc.a(_epilogue.o)
 .bss           0x00800080        0x0 d:/iti_iot courses/2022-5/embedded systems/tools/imt_sdk_win_64/winavr/bin/../lib/gcc/avr/4.3.3/avr5\libgcc.a(_pack_sf.o)
 .bss           0x00800080        0x0 d:/iti_iot courses/2022-5/embedded systems/tools/imt_sdk_win_64/winavr/bin/../lib/gcc/avr/4.3.3/avr5\libgcc.a(_unpack_sf.o)
 .bss           0x00800080        0x0 d:/iti_iot courses/2022-5/embedded systems/tools/imt_sdk_win_64/winavr/bin/../lib/gcc/avr/4.3.3/avr5\libgcc.a(_fpcmp_parts_sf.o)
 .bss           0x00800080        0x0 d:/iti_iot courses/2022-5/embedded systems/tools/imt_sdk_win_64/winavr/bin/../lib/gcc/avr/4.3.3/../../../../avr/lib/avr5\libc.a(memcpy.o)
 .bss           0x00800080        0x0 d:/iti_iot courses/2022-5/embedded systems/tools/imt_sdk_win_64/winavr/bin/../lib/gcc/avr/4.3.3/../../../../avr/lib/avr5\libc.a(memset.o)
 .bss           0x00800080        0x0 d:/iti_iot courses/2022-5/embedded systems/tools/imt_sdk_win_64/winavr/bin/../lib/gcc/avr/4.3.3/../../../../avr/lib/avr5\libc.a(strncpy.o)
 *(.bss*)
 .bss.pxCurrentCoRoutine
                0x00800080        0x2 ./OS/croutine.o
                0x00800080                pxCurrentCoRoutine
 .bss.uxTopCoRoutineReadyPriority
                0x00800082        0x1 ./OS/croutine.o
 .bss.xCoRoutineTickCount
                0x00800083        0x2 ./OS/croutine.o
 .bss.xLastTickCount
                0x00800085        0x2 ./OS/croutine.o
 .bss.xPassedTicks
                0x00800087        0x2 ./OS/croutine.o
 .bss.pxReadyCoRoutineLists
                0x00800089       0x12 ./OS/croutine.o
 .bss.xDelayedCoRoutineList1
                0x0080009b        0x9 ./OS/croutine.o
 .bss.xDelayedCoRoutineList2
                0x008000a4        0x9 ./OS/croutine.o
 .bss.pxDelayedCoRoutineList
                0x008000ad        0x2 ./OS/croutine.o
 .bss.pxOverflowDelayedCoRoutineList
                0x008000af        0x2 ./OS/croutine.o
 .bss.xPendingReadyCoRoutineList
                0x008000b1        0x9 ./OS/croutine.o
 .bss.xNextFreeByte
                0x008000ba        0x2 ./OS/heap_1.o
 .bss.xHeap     0x008000bc      0x258 ./OS/heap_1.o
 .bss.pxCurrentTCB
                0x00800314        0x2 ./OS/tasks.o
                0x00800314                pxCurrentTCB
 .bss.uxTasksDeleted
                0x00800316        0x1 ./OS/tasks.o
 .bss.uxCurrentNumberOfTasks
                0x00800317        0x1 ./OS/tasks.o
 .bss.xTickCount
                0x00800318        0x2 ./OS/tasks.o
 .bss.uxTopUsedPriority
                0x0080031a        0x1 ./OS/tasks.o
 .bss.uxTopReadyPriority
                0x0080031b        0x1 ./OS/tasks.o
 .bss.xSchedulerRunning
                0x0080031c        0x1 ./OS/tasks.o
 .bss.uxSchedulerSuspended
                0x0080031d        0x1 ./OS/tasks.o
 .bss.uxMissedTicks
                0x0080031e        0x1 ./OS/tasks.o
 .bss.xMissedYield
                0x0080031f        0x1 ./OS/tasks.o
 .bss.xNumOfOverflows
                0x00800320        0x1 ./OS/tasks.o
 .bss.uxTaskNumber
                0x00800321        0x1 ./OS/tasks.o
 .bss.pxReadyTasksLists
                0x00800322       0x2d ./OS/tasks.o
 .bss.xDelayedTaskList1
                0x0080034f        0x9 ./OS/tasks.o
 .bss.xDelayedTaskList2
                0x00800358        0x9 ./OS/tasks.o
 .bss.pxDelayedTaskList
                0x00800361        0x2 ./OS/tasks.o
 .bss.pxOverflowDelayedTaskList
                0x00800363        0x2 ./OS/tasks.o
 .bss.xPendingReadyList
                0x00800365        0x9 ./OS/tasks.o
 .bss.xTasksWaitingTermination
                0x0080036e        0x9 ./OS/tasks.o
 .bss.count.1254
                0x00800377        0x1 ./MCAL/TIMER0/Source/TIMER0_program.o
 *(COMMON)
                0x00800378                PROVIDE (__bss_end, .)
                0x00004826                __data_load_start = LOADADDR (.data)
                0x00004846                __data_load_end = (__data_load_start + SIZEOF (.data))

.noinit         0x00800378        0x0
                0x00800378                PROVIDE (__noinit_start, .)
 *(.noinit*)
                0x00800378                PROVIDE (__noinit_end, .)
                0x00800378                _end = .
                0x00800378                PROVIDE (__heap_start, .)

.eeprom         0x00810000        0x0
 *(.eeprom*)
                0x00810000                __eeprom_end = .

.fuse
 *(.fuse)
 *(.lfuse)
 *(.hfuse)
 *(.efuse)

.lock
 *(.lock*)

.signature
 *(.signature*)

.stab           0x00000000     0x61c8
 *(.stab)
 .stab          0x00000000      0xb40 ./OS/croutine.o
 .stab          0x00000b40      0x354 ./OS/heap_1.o
                                0x624 (size before relaxing)
 .stab          0x00000e94      0x474 ./OS/list.o
                                0x750 (size before relaxing)
 .stab          0x00001308      0x840 ./OS/port.o
                                0xb70 (size before relaxing)
 .stab          0x00001b48      0xe94 ./OS/queue.o
                               0x11d0 (size before relaxing)
 .stab          0x000029dc     0x1578 ./OS/tasks.o
                               0x17d0 (size before relaxing)
 .stab          0x00003f54      0x1c8 ./OS/timers.o
                                0x4c8 (size before relaxing)
 .stab          0x0000411c      0x1b0 ./MCAL/UART/Source/UART_program.o
                                0x36c (size before relaxing)
 .stab          0x000042cc      0x2ac ./MCAL/TIMER0/Source/TIMER0_program.o
                                0x468 (size before relaxing)
 .stab          0x00004578      0x600 ./MCAL/DIO/Source/DIO_Program.o
                                0x60c (size before relaxing)
 .stab          0x00004b78      0x270 ./MCAL/ADC/Source/ADC_program.o
                                0x42c (size before relaxing)
 .stab          0x00004de8      0x240 ./HAL/TempSens/Source/TEMP.o
                                0x24c (size before relaxing)
 .stab          0x00005028      0xaa4 ./HAL/LCD/Source/LCD_Program.o
                                0xc30 (size before relaxing)
 .stab          0x00005acc      0x348 ./HAL/KPD/Source/KPAD_program.o
                                0x504 (size before relaxing)
 .stab          0x00005e14      0x3b4 ./main.o
                                0x6b4 (size before relaxing)

.stabstr        0x00000000     0x3613
 *(.stabstr)
 .stabstr       0x00000000     0x3613 ./OS/croutine.o

.stab.excl
 *(.stab.excl)

.stab.exclstr
 *(.stab.exclstr)

.stab.index
 *(.stab.index)

.stab.indexstr
 *(.stab.indexstr)

.comment
 *(.comment)

.debug
 *(.debug)

.line
 *(.line)

.debug_srcinfo
 *(.debug_srcinfo)

.debug_sfnames
 *(.debug_sfnames)

.debug_aranges  0x00000000      0x140
 *(.debug_aranges)
 .debug_aranges
                0x00000000       0x20 d:/iti_iot courses/2022-5/embedded systems/tools/imt_sdk_win_64/winavr/bin/../lib/gcc/avr/4.3.3/avr5\libgcc.a(_fixunssfsi.o)
 .debug_aranges
                0x00000020       0x20 d:/iti_iot courses/2022-5/embedded systems/tools/imt_sdk_win_64/winavr/bin/../lib/gcc/avr/4.3.3/avr5\libgcc.a(_addsub_sf.o)
 .debug_aranges
                0x00000040       0x20 d:/iti_iot courses/2022-5/embedded systems/tools/imt_sdk_win_64/winavr/bin/../lib/gcc/avr/4.3.3/avr5\libgcc.a(_mul_sf.o)
 .debug_aranges
                0x00000060       0x20 d:/iti_iot courses/2022-5/embedded systems/tools/imt_sdk_win_64/winavr/bin/../lib/gcc/avr/4.3.3/avr5\libgcc.a(_gt_sf.o)
 .debug_aranges
                0x00000080       0x20 d:/iti_iot courses/2022-5/embedded systems/tools/imt_sdk_win_64/winavr/bin/../lib/gcc/avr/4.3.3/avr5\libgcc.a(_ge_sf.o)
 .debug_aranges
                0x000000a0       0x20 d:/iti_iot courses/2022-5/embedded systems/tools/imt_sdk_win_64/winavr/bin/../lib/gcc/avr/4.3.3/avr5\libgcc.a(_lt_sf.o)
 .debug_aranges
                0x000000c0       0x20 d:/iti_iot courses/2022-5/embedded systems/tools/imt_sdk_win_64/winavr/bin/../lib/gcc/avr/4.3.3/avr5\libgcc.a(_sf_to_si.o)
 .debug_aranges
                0x000000e0       0x20 d:/iti_iot courses/2022-5/embedded systems/tools/imt_sdk_win_64/winavr/bin/../lib/gcc/avr/4.3.3/avr5\libgcc.a(_pack_sf.o)
 .debug_aranges
                0x00000100       0x20 d:/iti_iot courses/2022-5/embedded systems/tools/imt_sdk_win_64/winavr/bin/../lib/gcc/avr/4.3.3/avr5\libgcc.a(_unpack_sf.o)
 .debug_aranges
                0x00000120       0x20 d:/iti_iot courses/2022-5/embedded systems/tools/imt_sdk_win_64/winavr/bin/../lib/gcc/avr/4.3.3/avr5\libgcc.a(_fpcmp_parts_sf.o)

.debug_pubnames
                0x00000000      0x170
 *(.debug_pubnames)
 .debug_pubnames
                0x00000000       0x23 d:/iti_iot courses/2022-5/embedded systems/tools/imt_sdk_win_64/winavr/bin/../lib/gcc/avr/4.3.3/avr5\libgcc.a(_fixunssfsi.o)
 .debug_pubnames
                0x00000023       0x2c d:/iti_iot courses/2022-5/embedded systems/tools/imt_sdk_win_64/winavr/bin/../lib/gcc/avr/4.3.3/avr5\libgcc.a(_addsub_sf.o)
 .debug_pubnames
                0x0000004f       0x1f d:/iti_iot courses/2022-5/embedded systems/tools/imt_sdk_win_64/winavr/bin/../lib/gcc/avr/4.3.3/avr5\libgcc.a(_mul_sf.o)
 .debug_pubnames
                0x0000006e       0x1e d:/iti_iot courses/2022-5/embedded systems/tools/imt_sdk_win_64/winavr/bin/../lib/gcc/avr/4.3.3/avr5\libgcc.a(_gt_sf.o)
 .debug_pubnames
                0x0000008c       0x1e d:/iti_iot courses/2022-5/embedded systems/tools/imt_sdk_win_64/winavr/bin/../lib/gcc/avr/4.3.3/avr5\libgcc.a(_ge_sf.o)
 .debug_pubnames
                0x000000aa       0x1e d:/iti_iot courses/2022-5/embedded systems/tools/imt_sdk_win_64/winavr/bin/../lib/gcc/avr/4.3.3/avr5\libgcc.a(_lt_sf.o)
 .debug_pubnames
                0x000000c8       0x20 d:/iti_iot courses/2022-5/embedded systems/tools/imt_sdk_win_64/winavr/bin/../lib/gcc/avr/4.3.3/avr5\libgcc.a(_sf_to_si.o)
 .debug_pubnames
                0x000000e8       0x22 d:/iti_iot courses/2022-5/embedded systems/tools/imt_sdk_win_64/winavr/bin/../lib/gcc/avr/4.3.3/avr5\libgcc.a(_thenan_sf.o)
 .debug_pubnames
                0x0000010a       0x1f d:/iti_iot courses/2022-5/embedded systems/tools/imt_sdk_win_64/winavr/bin/../lib/gcc/avr/4.3.3/avr5\libgcc.a(_pack_sf.o)
 .debug_pubnames
                0x00000129       0x21 d:/iti_iot courses/2022-5/embedded systems/tools/imt_sdk_win_64/winavr/bin/../lib/gcc/avr/4.3.3/avr5\libgcc.a(_unpack_sf.o)
 .debug_pubnames
                0x0000014a       0x26 d:/iti_iot courses/2022-5/embedded systems/tools/imt_sdk_win_64/winavr/bin/../lib/gcc/avr/4.3.3/avr5\libgcc.a(_fpcmp_parts_sf.o)

.debug_info     0x00000000     0x1c49
 *(.debug_info)
 .debug_info    0x00000000       0xb1 d:/iti_iot courses/2022-5/embedded systems/tools/imt_sdk_win_64/winavr/bin/../lib/gcc/avr/4.3.3/avr5\libgcc.a(_fixunssfsi.o)
 .debug_info    0x000000b1      0x47a d:/iti_iot courses/2022-5/embedded systems/tools/imt_sdk_win_64/winavr/bin/../lib/gcc/avr/4.3.3/avr5\libgcc.a(_addsub_sf.o)
 .debug_info    0x0000052b      0x485 d:/iti_iot courses/2022-5/embedded systems/tools/imt_sdk_win_64/winavr/bin/../lib/gcc/avr/4.3.3/avr5\libgcc.a(_mul_sf.o)
 .debug_info    0x000009b0      0x27f d:/iti_iot courses/2022-5/embedded systems/tools/imt_sdk_win_64/winavr/bin/../lib/gcc/avr/4.3.3/avr5\libgcc.a(_gt_sf.o)
 .debug_info    0x00000c2f      0x27f d:/iti_iot courses/2022-5/embedded systems/tools/imt_sdk_win_64/winavr/bin/../lib/gcc/avr/4.3.3/avr5\libgcc.a(_ge_sf.o)
 .debug_info    0x00000eae      0x27f d:/iti_iot courses/2022-5/embedded systems/tools/imt_sdk_win_64/winavr/bin/../lib/gcc/avr/4.3.3/avr5\libgcc.a(_lt_sf.o)
 .debug_info    0x0000112d      0x2b0 d:/iti_iot courses/2022-5/embedded systems/tools/imt_sdk_win_64/winavr/bin/../lib/gcc/avr/4.3.3/avr5\libgcc.a(_sf_to_si.o)
 .debug_info    0x000013dd      0x12c d:/iti_iot courses/2022-5/embedded systems/tools/imt_sdk_win_64/winavr/bin/../lib/gcc/avr/4.3.3/avr5\libgcc.a(_thenan_sf.o)
 .debug_info    0x00001509      0x2df d:/iti_iot courses/2022-5/embedded systems/tools/imt_sdk_win_64/winavr/bin/../lib/gcc/avr/4.3.3/avr5\libgcc.a(_pack_sf.o)
 .debug_info    0x000017e8      0x251 d:/iti_iot courses/2022-5/embedded systems/tools/imt_sdk_win_64/winavr/bin/../lib/gcc/avr/4.3.3/avr5\libgcc.a(_unpack_sf.o)
 .debug_info    0x00001a39      0x210 d:/iti_iot courses/2022-5/embedded systems/tools/imt_sdk_win_64/winavr/bin/../lib/gcc/avr/4.3.3/avr5\libgcc.a(_fpcmp_parts_sf.o)
 *(.gnu.linkonce.wi.*)

.debug_abbrev   0x00000000      0xeeb
 *(.debug_abbrev)
 .debug_abbrev  0x00000000       0x5d d:/iti_iot courses/2022-5/embedded systems/tools/imt_sdk_win_64/winavr/bin/../lib/gcc/avr/4.3.3/avr5\libgcc.a(_fixunssfsi.o)
 .debug_abbrev  0x0000005d      0x1ea d:/iti_iot courses/2022-5/embedded systems/tools/imt_sdk_win_64/winavr/bin/../lib/gcc/avr/4.3.3/avr5\libgcc.a(_addsub_sf.o)
 .debug_abbrev  0x00000247      0x21b d:/iti_iot courses/2022-5/embedded systems/tools/imt_sdk_win_64/winavr/bin/../lib/gcc/avr/4.3.3/avr5\libgcc.a(_mul_sf.o)
 .debug_abbrev  0x00000462      0x15a d:/iti_iot courses/2022-5/embedded systems/tools/imt_sdk_win_64/winavr/bin/../lib/gcc/avr/4.3.3/avr5\libgcc.a(_gt_sf.o)
 .debug_abbrev  0x000005bc      0x15a d:/iti_iot courses/2022-5/embedded systems/tools/imt_sdk_win_64/winavr/bin/../lib/gcc/avr/4.3.3/avr5\libgcc.a(_ge_sf.o)
 .debug_abbrev  0x00000716      0x15a d:/iti_iot courses/2022-5/embedded systems/tools/imt_sdk_win_64/winavr/bin/../lib/gcc/avr/4.3.3/avr5\libgcc.a(_lt_sf.o)
 .debug_abbrev  0x00000870      0x17f d:/iti_iot courses/2022-5/embedded systems/tools/imt_sdk_win_64/winavr/bin/../lib/gcc/avr/4.3.3/avr5\libgcc.a(_sf_to_si.o)
 .debug_abbrev  0x000009ef       0xad d:/iti_iot courses/2022-5/embedded systems/tools/imt_sdk_win_64/winavr/bin/../lib/gcc/avr/4.3.3/avr5\libgcc.a(_thenan_sf.o)
 .debug_abbrev  0x00000a9c      0x1c0 d:/iti_iot courses/2022-5/embedded systems/tools/imt_sdk_win_64/winavr/bin/../lib/gcc/avr/4.3.3/avr5\libgcc.a(_pack_sf.o)
 .debug_abbrev  0x00000c5c      0x154 d:/iti_iot courses/2022-5/embedded systems/tools/imt_sdk_win_64/winavr/bin/../lib/gcc/avr/4.3.3/avr5\libgcc.a(_unpack_sf.o)
 .debug_abbrev  0x00000db0      0x13b d:/iti_iot courses/2022-5/embedded systems/tools/imt_sdk_win_64/winavr/bin/../lib/gcc/avr/4.3.3/avr5\libgcc.a(_fpcmp_parts_sf.o)

.debug_line     0x00000000      0xdad
 *(.debug_line)
 .debug_line    0x00000000       0xa7 d:/iti_iot courses/2022-5/embedded systems/tools/imt_sdk_win_64/winavr/bin/../lib/gcc/avr/4.3.3/avr5\libgcc.a(_fixunssfsi.o)
 .debug_line    0x000000a7      0x2af d:/iti_iot courses/2022-5/embedded systems/tools/imt_sdk_win_64/winavr/bin/../lib/gcc/avr/4.3.3/avr5\libgcc.a(_addsub_sf.o)
 .debug_line    0x00000356      0x239 d:/iti_iot courses/2022-5/embedded systems/tools/imt_sdk_win_64/winavr/bin/../lib/gcc/avr/4.3.3/avr5\libgcc.a(_mul_sf.o)
 .debug_line    0x0000058f       0xd3 d:/iti_iot courses/2022-5/embedded systems/tools/imt_sdk_win_64/winavr/bin/../lib/gcc/avr/4.3.3/avr5\libgcc.a(_gt_sf.o)
 .debug_line    0x00000662       0xd3 d:/iti_iot courses/2022-5/embedded systems/tools/imt_sdk_win_64/winavr/bin/../lib/gcc/avr/4.3.3/avr5\libgcc.a(_ge_sf.o)
 .debug_line    0x00000735       0xd3 d:/iti_iot courses/2022-5/embedded systems/tools/imt_sdk_win_64/winavr/bin/../lib/gcc/avr/4.3.3/avr5\libgcc.a(_lt_sf.o)
 .debug_line    0x00000808      0x109 d:/iti_iot courses/2022-5/embedded systems/tools/imt_sdk_win_64/winavr/bin/../lib/gcc/avr/4.3.3/avr5\libgcc.a(_sf_to_si.o)
 .debug_line    0x00000911       0x90 d:/iti_iot courses/2022-5/embedded systems/tools/imt_sdk_win_64/winavr/bin/../lib/gcc/avr/4.3.3/avr5\libgcc.a(_thenan_sf.o)
 .debug_line    0x000009a1      0x18a d:/iti_iot courses/2022-5/embedded systems/tools/imt_sdk_win_64/winavr/bin/../lib/gcc/avr/4.3.3/avr5\libgcc.a(_pack_sf.o)
 .debug_line    0x00000b2b      0x14b d:/iti_iot courses/2022-5/embedded systems/tools/imt_sdk_win_64/winavr/bin/../lib/gcc/avr/4.3.3/avr5\libgcc.a(_unpack_sf.o)
 .debug_line    0x00000c76      0x137 d:/iti_iot courses/2022-5/embedded systems/tools/imt_sdk_win_64/winavr/bin/../lib/gcc/avr/4.3.3/avr5\libgcc.a(_fpcmp_parts_sf.o)

.debug_frame    0x00000000      0x160
 *(.debug_frame)
 .debug_frame   0x00000000       0x20 d:/iti_iot courses/2022-5/embedded systems/tools/imt_sdk_win_64/winavr/bin/../lib/gcc/avr/4.3.3/avr5\libgcc.a(_fixunssfsi.o)
 .debug_frame   0x00000020       0x40 d:/iti_iot courses/2022-5/embedded systems/tools/imt_sdk_win_64/winavr/bin/../lib/gcc/avr/4.3.3/avr5\libgcc.a(_addsub_sf.o)
 .debug_frame   0x00000060       0x20 d:/iti_iot courses/2022-5/embedded systems/tools/imt_sdk_win_64/winavr/bin/../lib/gcc/avr/4.3.3/avr5\libgcc.a(_mul_sf.o)
 .debug_frame   0x00000080       0x20 d:/iti_iot courses/2022-5/embedded systems/tools/imt_sdk_win_64/winavr/bin/../lib/gcc/avr/4.3.3/avr5\libgcc.a(_gt_sf.o)
 .debug_frame   0x000000a0       0x20 d:/iti_iot courses/2022-5/embedded systems/tools/imt_sdk_win_64/winavr/bin/../lib/gcc/avr/4.3.3/avr5\libgcc.a(_ge_sf.o)
 .debug_frame   0x000000c0       0x20 d:/iti_iot courses/2022-5/embedded systems/tools/imt_sdk_win_64/winavr/bin/../lib/gcc/avr/4.3.3/avr5\libgcc.a(_lt_sf.o)
 .debug_frame   0x000000e0       0x20 d:/iti_iot courses/2022-5/embedded systems/tools/imt_sdk_win_64/winavr/bin/../lib/gcc/avr/4.3.3/avr5\libgcc.a(_sf_to_si.o)
 .debug_frame   0x00000100       0x20 d:/iti_iot courses/2022-5/embedded systems/tools/imt_sdk_win_64/winavr/bin/../lib/gcc/avr/4.3.3/avr5\libgcc.a(_pack_sf.o)
 .debug_frame   0x00000120       0x20 d:/iti_iot courses/2022-5/embedded systems/tools/imt_sdk_win_64/winavr/bin/../lib/gcc/avr/4.3.3/avr5\libgcc.a(_unpack_sf.o)
 .debug_frame   0x00000140       0x20 d:/iti_iot courses/2022-5/embedded systems/tools/imt_sdk_win_64/winavr/bin/../lib/gcc/avr/4.3.3/avr5\libgcc.a(_fpcmp_parts_sf.o)

.debug_str      0x00000000      0x28d
 *(.debug_str)
 .debug_str     0x00000000       0xbf d:/iti_iot courses/2022-5/embedded systems/tools/imt_sdk_win_64/winavr/bin/../lib/gcc/avr/4.3.3/avr5\libgcc.a(_fixunssfsi.o)
                                 0xfe (size before relaxing)
 .debug_str     0x000000bf      0x14d d:/iti_iot courses/2022-5/embedded systems/tools/imt_sdk_win_64/winavr/bin/../lib/gcc/avr/4.3.3/avr5\libgcc.a(_addsub_sf.o)
                                0x206 (size before relaxing)
 .debug_str     0x0000020c       0x27 d:/iti_iot courses/2022-5/embedded systems/tools/imt_sdk_win_64/winavr/bin/../lib/gcc/avr/4.3.3/avr5\libgcc.a(_mul_sf.o)
                                0x1bf (size before relaxing)
 .debug_str     0x00000233        0xf d:/iti_iot courses/2022-5/embedded systems/tools/imt_sdk_win_64/winavr/bin/../lib/gcc/avr/4.3.3/avr5\libgcc.a(_gt_sf.o)
                                0x195 (size before relaxing)
 .debug_str     0x00000242        0x8 d:/iti_iot courses/2022-5/embedded systems/tools/imt_sdk_win_64/winavr/bin/../lib/gcc/avr/4.3.3/avr5\libgcc.a(_ge_sf.o)
                                0x195 (size before relaxing)
 .debug_str     0x0000024a        0x8 d:/iti_iot courses/2022-5/embedded systems/tools/imt_sdk_win_64/winavr/bin/../lib/gcc/avr/4.3.3/avr5\libgcc.a(_lt_sf.o)
                                0x195 (size before relaxing)
 .debug_str     0x00000252        0xa d:/iti_iot courses/2022-5/embedded systems/tools/imt_sdk_win_64/winavr/bin/../lib/gcc/avr/4.3.3/avr5\libgcc.a(_sf_to_si.o)
                                0x19e (size before relaxing)
 .debug_str     0x00000000      0x103 d:/iti_iot courses/2022-5/embedded systems/tools/imt_sdk_win_64/winavr/bin/../lib/gcc/avr/4.3.3/avr5\libgcc.a(_thenan_sf.o)
 .debug_str     0x0000025c       0x16 d:/iti_iot courses/2022-5/embedded systems/tools/imt_sdk_win_64/winavr/bin/../lib/gcc/avr/4.3.3/avr5\libgcc.a(_pack_sf.o)
                                0x19d (size before relaxing)
 .debug_str     0x00000272        0xb d:/iti_iot courses/2022-5/embedded systems/tools/imt_sdk_win_64/winavr/bin/../lib/gcc/avr/4.3.3/avr5\libgcc.a(_unpack_sf.o)
                                0x17f (size before relaxing)
 .debug_str     0x0000027d       0x10 d:/iti_iot courses/2022-5/embedded systems/tools/imt_sdk_win_64/winavr/bin/../lib/gcc/avr/4.3.3/avr5\libgcc.a(_fpcmp_parts_sf.o)
                                0x163 (size before relaxing)

.debug_loc      0x00000000      0x7ce
 *(.debug_loc)
 .debug_loc     0x00000000       0x34 d:/iti_iot courses/2022-5/embedded systems/tools/imt_sdk_win_64/winavr/bin/../lib/gcc/avr/4.3.3/avr5\libgcc.a(_fixunssfsi.o)
 .debug_loc     0x00000034      0x32a d:/iti_iot courses/2022-5/embedded systems/tools/imt_sdk_win_64/winavr/bin/../lib/gcc/avr/4.3.3/avr5\libgcc.a(_addsub_sf.o)
 .debug_loc     0x0000035e      0x104 d:/iti_iot courses/2022-5/embedded systems/tools/imt_sdk_win_64/winavr/bin/../lib/gcc/avr/4.3.3/avr5\libgcc.a(_mul_sf.o)
 .debug_loc     0x00000462       0x3c d:/iti_iot courses/2022-5/embedded systems/tools/imt_sdk_win_64/winavr/bin/../lib/gcc/avr/4.3.3/avr5\libgcc.a(_gt_sf.o)
 .debug_loc     0x0000049e       0x3c d:/iti_iot courses/2022-5/embedded systems/tools/imt_sdk_win_64/winavr/bin/../lib/gcc/avr/4.3.3/avr5\libgcc.a(_ge_sf.o)
 .debug_loc     0x000004da       0x3c d:/iti_iot courses/2022-5/embedded systems/tools/imt_sdk_win_64/winavr/bin/../lib/gcc/avr/4.3.3/avr5\libgcc.a(_lt_sf.o)
 .debug_loc     0x00000516       0x7e d:/iti_iot courses/2022-5/embedded systems/tools/imt_sdk_win_64/winavr/bin/../lib/gcc/avr/4.3.3/avr5\libgcc.a(_sf_to_si.o)
 .debug_loc     0x00000594      0x13e d:/iti_iot courses/2022-5/embedded systems/tools/imt_sdk_win_64/winavr/bin/../lib/gcc/avr/4.3.3/avr5\libgcc.a(_pack_sf.o)
 .debug_loc     0x000006d2       0xac d:/iti_iot courses/2022-5/embedded systems/tools/imt_sdk_win_64/winavr/bin/../lib/gcc/avr/4.3.3/avr5\libgcc.a(_unpack_sf.o)
 .debug_loc     0x0000077e       0x50 d:/iti_iot courses/2022-5/embedded systems/tools/imt_sdk_win_64/winavr/bin/../lib/gcc/avr/4.3.3/avr5\libgcc.a(_fpcmp_parts_sf.o)

.debug_macinfo
 *(.debug_macinfo)
OUTPUT(HelloFreeRTOS.elf elf32-avr)
LOAD linker stubs

.debug_ranges   0x00000000       0x50
 .debug_ranges  0x00000000       0x50 d:/iti_iot courses/2022-5/embedded systems/tools/imt_sdk_win_64/winavr/bin/../lib/gcc/avr/4.3.3/avr5\libgcc.a(_mul_sf.o)
